Archive member included because of file (symbol)

/usr/lib/gcc/avr/4.5.3/avr6/libgcc.a(_exit.o)
                              /usr/lib/gcc/avr/4.5.3/../../../avr/lib/avr6/crtm2560.o (exit)
/usr/lib/gcc/avr/4.5.3/avr6/libgcc.a(_copy_data.o)
                              carproject.o (__do_copy_data)
/usr/lib/gcc/avr/4.5.3/avr6/libgcc.a(_clear_bss.o)
                              carproject.o (__do_clear_bss)
/usr/lib/gcc/avr/4.5.3/avr6/libgcc.a(_fixunssfsi.o)
                              servo.o (__fixunssfsi)
/usr/lib/gcc/avr/4.5.3/avr6/libgcc.a(_addsub_sf.o)
                              carproject.o (__addsf3)
/usr/lib/gcc/avr/4.5.3/avr6/libgcc.a(_mul_sf.o)
                              carproject.o (__mulsf3)
/usr/lib/gcc/avr/4.5.3/avr6/libgcc.a(_div_sf.o)
                              util.o (__divsf3)
/usr/lib/gcc/avr/4.5.3/avr6/libgcc.a(_eq_sf.o)
                              carproject.o (__eqsf2)
/usr/lib/gcc/avr/4.5.3/avr6/libgcc.a(_ne_sf.o)
                              carproject.o (__nesf2)
/usr/lib/gcc/avr/4.5.3/avr6/libgcc.a(_gt_sf.o)
                              carproject.o (__gtsf2)
/usr/lib/gcc/avr/4.5.3/avr6/libgcc.a(_ge_sf.o)
                              carproject.o (__gesf2)
/usr/lib/gcc/avr/4.5.3/avr6/libgcc.a(_lt_sf.o)
                              carproject.o (__ltsf2)
/usr/lib/gcc/avr/4.5.3/avr6/libgcc.a(_si_to_sf.o)
                              servo.o (__floatsisf)
/usr/lib/gcc/avr/4.5.3/avr6/libgcc.a(_sf_to_si.o)
                              carproject.o (__fixsfsi)
/usr/lib/gcc/avr/4.5.3/avr6/libgcc.a(_thenan_sf.o)
                              /usr/lib/gcc/avr/4.5.3/avr6/libgcc.a(_addsub_sf.o) (__thenan_sf)
/usr/lib/gcc/avr/4.5.3/avr6/libgcc.a(_prologue.o)
                              /usr/lib/gcc/avr/4.5.3/avr6/libgcc.a(_addsub_sf.o) (__prologue_saves__)
/usr/lib/gcc/avr/4.5.3/avr6/libgcc.a(_epilogue.o)
                              /usr/lib/gcc/avr/4.5.3/avr6/libgcc.a(_addsub_sf.o) (__epilogue_restores__)
/usr/lib/gcc/avr/4.5.3/avr6/libgcc.a(_clzsi2.o)
                              /usr/lib/gcc/avr/4.5.3/avr6/libgcc.a(_si_to_sf.o) (__clzsi2)
/usr/lib/gcc/avr/4.5.3/avr6/libgcc.a(_pack_sf.o)
                              /usr/lib/gcc/avr/4.5.3/avr6/libgcc.a(_addsub_sf.o) (__pack_f)
/usr/lib/gcc/avr/4.5.3/avr6/libgcc.a(_unpack_sf.o)
                              /usr/lib/gcc/avr/4.5.3/avr6/libgcc.a(_addsub_sf.o) (__unpack_f)
/usr/lib/gcc/avr/4.5.3/avr6/libgcc.a(_fpcmp_parts_sf.o)
                              /usr/lib/gcc/avr/4.5.3/avr6/libgcc.a(_eq_sf.o) (__fpcmp_parts_f)
/usr/lib/gcc/avr/4.5.3/avr6/libgcc.a(_clz.o)
                              /usr/lib/gcc/avr/4.5.3/avr6/libgcc.a(_clzsi2.o) (__clz_tab)

Allocating common symbols
Common symbol       size              file

sensors             0x20              carproject.o

Memory Configuration

Name             Origin             Length             Attributes
text             0x0000000000000000 0x0000000000100000 xr
data             0x0000000000800200 0x000000000000fe00 rw !x
eeprom           0x0000000000810000 0x0000000000010000 rw !x
fuse             0x0000000000820000 0x0000000000000400 rw !x
lock             0x0000000000830000 0x0000000000000400 rw !x
signature        0x0000000000840000 0x0000000000000400 rw !x
*default*        0x0000000000000000 0xffffffffffffffff

Linker script and memory map

Address of section .data set to 0x800200
LOAD /usr/lib/gcc/avr/4.5.3/../../../avr/lib/avr6/crtm2560.o
LOAD carproject.o
LOAD servo.o
LOAD util.o
LOAD motor.o
LOAD /usr/lib/gcc/avr/4.5.3/avr6/libgcc.a
LOAD /usr/lib/gcc/avr/4.5.3/../../../avr/lib/avr6/libc.a
LOAD /usr/lib/gcc/avr/4.5.3/avr6/libgcc.a

.hash
 *(.hash)

.dynsym
 *(.dynsym)

.dynstr
 *(.dynstr)

.gnu.version
 *(.gnu.version)

.gnu.version_d
 *(.gnu.version_d)

.gnu.version_r
 *(.gnu.version_r)

.rel.init
 *(.rel.init)

.rela.init
 *(.rela.init)

.rel.text
 *(.rel.text)
 *(.rel.text.*)
 *(.rel.gnu.linkonce.t*)

.rela.text
 *(.rela.text)
 *(.rela.text.*)
 *(.rela.gnu.linkonce.t*)

.rel.fini
 *(.rel.fini)

.rela.fini
 *(.rela.fini)

.rel.rodata
 *(.rel.rodata)
 *(.rel.rodata.*)
 *(.rel.gnu.linkonce.r*)

.rela.rodata
 *(.rela.rodata)
 *(.rela.rodata.*)
 *(.rela.gnu.linkonce.r*)

.rel.data
 *(.rel.data)
 *(.rel.data.*)
 *(.rel.gnu.linkonce.d*)

.rela.data
 *(.rela.data)
 *(.rela.data.*)
 *(.rela.gnu.linkonce.d*)

.rel.ctors
 *(.rel.ctors)

.rela.ctors
 *(.rela.ctors)

.rel.dtors
 *(.rel.dtors)

.rela.dtors
 *(.rela.dtors)

.rel.got
 *(.rel.got)

.rela.got
 *(.rela.got)

.rel.bss
 *(.rel.bss)

.rela.bss
 *(.rela.bss)

.rel.plt
 *(.rel.plt)

.rela.plt
 *(.rela.plt)

.text           0x0000000000000000     0x1b18
 *(.vectors)
 .vectors       0x0000000000000000       0xe4 /usr/lib/gcc/avr/4.5.3/../../../avr/lib/avr6/crtm2560.o
                0x0000000000000000                __vectors
                0x0000000000000000                __vector_default
 *(.vectors)
 *(.progmem.gcc*)
 *(.progmem*)
                0x00000000000000e4                . = ALIGN (0x2)
                0x00000000000000e4                __trampolines_start = .
 *(.trampolines)
 .trampolines   0x00000000000000e4        0x0 linker stubs
 *(.trampolines*)
                0x00000000000000e4                __trampolines_end = .
 *(.jumptables)
 *(.jumptables*)
 *(.lowtext)
 *(.lowtext*)
                0x00000000000000e4                __ctors_start = .
 *(.ctors)
                0x00000000000000e4                __ctors_end = .
                0x00000000000000e4                __dtors_start = .
 *(.dtors)
                0x00000000000000e4                __dtors_end = .
 SORT(*)(.ctors)
 SORT(*)(.dtors)
 *(.init0)
 .init0         0x00000000000000e4        0x0 /usr/lib/gcc/avr/4.5.3/../../../avr/lib/avr6/crtm2560.o
                0x00000000000000e4                __init
 *(.init0)
 *(.init1)
 *(.init1)
 *(.init2)
 .init2         0x00000000000000e4       0x10 /usr/lib/gcc/avr/4.5.3/../../../avr/lib/avr6/crtm2560.o
 *(.init2)
 *(.init3)
 *(.init3)
 *(.init4)
 .init4         0x00000000000000f4       0x1a /usr/lib/gcc/avr/4.5.3/avr6/libgcc.a(_copy_data.o)
                0x00000000000000f4                __do_copy_data
 .init4         0x000000000000010e       0x10 /usr/lib/gcc/avr/4.5.3/avr6/libgcc.a(_clear_bss.o)
                0x000000000000010e                __do_clear_bss
 *(.init4)
 *(.init5)
 *(.init5)
 *(.init6)
 *(.init6)
 *(.init7)
 *(.init7)
 *(.init8)
 *(.init8)
 *(.init9)
 .init9         0x000000000000011e        0x8 /usr/lib/gcc/avr/4.5.3/../../../avr/lib/avr6/crtm2560.o
 *(.init9)
 *(.text)
 .text          0x0000000000000126        0x4 /usr/lib/gcc/avr/4.5.3/../../../avr/lib/avr6/crtm2560.o
                0x0000000000000126                __vector_38
                0x0000000000000126                __vector_22
                0x0000000000000126                __vector_28
                0x0000000000000126                __vector_1
                0x0000000000000126                __vector_32
                0x0000000000000126                __vector_34
                0x0000000000000126                __vector_24
                0x0000000000000126                __vector_12
                0x0000000000000126                __vector_55
                0x0000000000000126                __vector_46
                0x0000000000000126                __bad_interrupt
                0x0000000000000126                __vector_31
                0x0000000000000126                __vector_35
                0x0000000000000126                __vector_39
                0x0000000000000126                __vector_3
                0x0000000000000126                __vector_23
                0x0000000000000126                __vector_30
                0x0000000000000126                __vector_45
                0x0000000000000126                __vector_25
                0x0000000000000126                __vector_11
                0x0000000000000126                __vector_54
                0x0000000000000126                __vector_13
                0x0000000000000126                __vector_17
                0x0000000000000126                __vector_19
                0x0000000000000126                __vector_56
                0x0000000000000126                __vector_7
                0x0000000000000126                __vector_49
                0x0000000000000126                __vector_41
                0x0000000000000126                __vector_43
                0x0000000000000126                __vector_27
                0x0000000000000126                __vector_5
                0x0000000000000126                __vector_33
                0x0000000000000126                __vector_47
                0x0000000000000126                __vector_52
                0x0000000000000126                __vector_37
                0x0000000000000126                __vector_4
                0x0000000000000126                __vector_44
                0x0000000000000126                __vector_51
                0x0000000000000126                __vector_9
                0x0000000000000126                __vector_2
                0x0000000000000126                __vector_21
                0x0000000000000126                __vector_15
                0x0000000000000126                __vector_36
                0x0000000000000126                __vector_29
                0x0000000000000126                __vector_40
                0x0000000000000126                __vector_8
                0x0000000000000126                __vector_26
                0x0000000000000126                __vector_48
                0x0000000000000126                __vector_14
                0x0000000000000126                __vector_53
                0x0000000000000126                __vector_10
                0x0000000000000126                __vector_50
                0x0000000000000126                __vector_16
                0x0000000000000126                __vector_18
                0x0000000000000126                __vector_20
                0x0000000000000126                __vector_42
 .text          0x000000000000012a      0x848 carproject.o
                0x000000000000012a                __vector_6
                0x0000000000000148                ShiftTowards
                0x0000000000000242                UpdateSensors
                0x000000000000052a                GetFilteredSensorValue
                0x000000000000076e                absFloat
                0x00000000000007a2                main
 .text          0x0000000000000972      0x10e servo.o
                0x0000000000000972                StopServo
                0x000000000000099c                MoveServo
                0x0000000000000a38                InitServo
 .text          0x0000000000000a80      0x12c util.o
                0x0000000000000a80                map
 .text          0x0000000000000bac       0xea motor.o
                0x0000000000000bac                SetMotorSpeed
                0x0000000000000c1c                InitMotor
 .text          0x0000000000000c96        0x0 /usr/lib/gcc/avr/4.5.3/avr6/libgcc.a(_exit.o)
 .text          0x0000000000000c96        0x0 /usr/lib/gcc/avr/4.5.3/avr6/libgcc.a(_copy_data.o)
 .text          0x0000000000000c96        0x0 /usr/lib/gcc/avr/4.5.3/avr6/libgcc.a(_clear_bss.o)
 .text          0x0000000000000c96       0x58 /usr/lib/gcc/avr/4.5.3/avr6/libgcc.a(_fixunssfsi.o)
                0x0000000000000c96                __fixunssfsi
 .text          0x0000000000000cee      0x350 /usr/lib/gcc/avr/4.5.3/avr6/libgcc.a(_addsub_sf.o)
                0x0000000000000f82                __addsf3
                0x0000000000000fdc                __subsf3
 .text          0x000000000000103e      0x1f4 /usr/lib/gcc/avr/4.5.3/avr6/libgcc.a(_mul_sf.o)
                0x000000000000103e                __mulsf3
 .text          0x0000000000001232      0x15c /usr/lib/gcc/avr/4.5.3/avr6/libgcc.a(_div_sf.o)
                0x0000000000001232                __divsf3
 .text          0x000000000000138e       0x60 /usr/lib/gcc/avr/4.5.3/avr6/libgcc.a(_eq_sf.o)
                0x000000000000138e                __eqsf2
 .text          0x00000000000013ee       0x60 /usr/lib/gcc/avr/4.5.3/avr6/libgcc.a(_ne_sf.o)
                0x00000000000013ee                __nesf2
 .text          0x000000000000144e       0x60 /usr/lib/gcc/avr/4.5.3/avr6/libgcc.a(_gt_sf.o)
                0x000000000000144e                __gtsf2
 .text          0x00000000000014ae       0x60 /usr/lib/gcc/avr/4.5.3/avr6/libgcc.a(_ge_sf.o)
                0x00000000000014ae                __gesf2
 .text          0x000000000000150e       0x60 /usr/lib/gcc/avr/4.5.3/avr6/libgcc.a(_lt_sf.o)
                0x000000000000150e                __ltsf2
 .text          0x000000000000156e       0xc0 /usr/lib/gcc/avr/4.5.3/avr6/libgcc.a(_si_to_sf.o)
                0x000000000000156e                __floatsisf
 .text          0x000000000000162e       0xa4 /usr/lib/gcc/avr/4.5.3/avr6/libgcc.a(_sf_to_si.o)
                0x000000000000162e                __fixsfsi
 .text          0x00000000000016d2        0x0 /usr/lib/gcc/avr/4.5.3/avr6/libgcc.a(_thenan_sf.o)
 .text          0x00000000000016d2        0x0 /usr/lib/gcc/avr/4.5.3/avr6/libgcc.a(_prologue.o)
 .text          0x00000000000016d2        0x0 /usr/lib/gcc/avr/4.5.3/avr6/libgcc.a(_epilogue.o)
 .text          0x00000000000016d2       0xb4 /usr/lib/gcc/avr/4.5.3/avr6/libgcc.a(_clzsi2.o)
                0x00000000000016d2                __clzsi2
 .text          0x0000000000001786      0x19c /usr/lib/gcc/avr/4.5.3/avr6/libgcc.a(_pack_sf.o)
                0x0000000000001786                __pack_f
 .text          0x0000000000001922       0xd2 /usr/lib/gcc/avr/4.5.3/avr6/libgcc.a(_unpack_sf.o)
                0x0000000000001922                __unpack_f
 .text          0x00000000000019f4       0xb2 /usr/lib/gcc/avr/4.5.3/avr6/libgcc.a(_fpcmp_parts_sf.o)
                0x00000000000019f4                __fpcmp_parts_f
 .text          0x0000000000001aa6        0x0 /usr/lib/gcc/avr/4.5.3/avr6/libgcc.a(_clz.o)
                0x0000000000001aa6                . = ALIGN (0x2)
 *(.text.*)
 .text.libgcc   0x0000000000001aa6        0x0 /usr/lib/gcc/avr/4.5.3/avr6/libgcc.a(_exit.o)
 .text.libgcc   0x0000000000001aa6        0x0 /usr/lib/gcc/avr/4.5.3/avr6/libgcc.a(_copy_data.o)
 .text.libgcc   0x0000000000001aa6        0x0 /usr/lib/gcc/avr/4.5.3/avr6/libgcc.a(_clear_bss.o)
 .text.libgcc   0x0000000000001aa6       0x38 /usr/lib/gcc/avr/4.5.3/avr6/libgcc.a(_prologue.o)
                0x0000000000001aa6                __prologue_saves__
 .text.libgcc   0x0000000000001ade       0x36 /usr/lib/gcc/avr/4.5.3/avr6/libgcc.a(_epilogue.o)
                0x0000000000001ade                __epilogue_restores__
                0x0000000000001b14                . = ALIGN (0x2)
 *(.fini9)
 .fini9         0x0000000000001b14        0x0 /usr/lib/gcc/avr/4.5.3/avr6/libgcc.a(_exit.o)
                0x0000000000001b14                exit
                0x0000000000001b14                _exit
 *(.fini9)
 *(.fini8)
 *(.fini8)
 *(.fini7)
 *(.fini7)
 *(.fini6)
 *(.fini6)
 *(.fini5)
 *(.fini5)
 *(.fini4)
 *(.fini4)
 *(.fini3)
 *(.fini3)
 *(.fini2)
 *(.fini2)
 *(.fini1)
 *(.fini1)
 *(.fini0)
 .fini0         0x0000000000001b14        0x4 /usr/lib/gcc/avr/4.5.3/avr6/libgcc.a(_exit.o)
 *(.fini0)
                0x0000000000001b18                _etext = .

.data           0x0000000000800200      0x128 load address 0x0000000000001b18
                0x0000000000800200                PROVIDE (__data_start, .)
 *(.data)
 .data          0x0000000000800200        0x0 /usr/lib/gcc/avr/4.5.3/../../../avr/lib/avr6/crtm2560.o
 .data          0x0000000000800200       0x20 carproject.o
                0x0000000000800200                sensorTarget
 .data          0x0000000000800220        0x0 servo.o
 .data          0x0000000000800220        0x0 util.o
 .data          0x0000000000800220        0x0 motor.o
 .data          0x0000000000800220        0x0 /usr/lib/gcc/avr/4.5.3/avr6/libgcc.a(_exit.o)
 .data          0x0000000000800220        0x0 /usr/lib/gcc/avr/4.5.3/avr6/libgcc.a(_copy_data.o)
 .data          0x0000000000800220        0x0 /usr/lib/gcc/avr/4.5.3/avr6/libgcc.a(_clear_bss.o)
 .data          0x0000000000800220        0x0 /usr/lib/gcc/avr/4.5.3/avr6/libgcc.a(_fixunssfsi.o)
 .data          0x0000000000800220        0x0 /usr/lib/gcc/avr/4.5.3/avr6/libgcc.a(_addsub_sf.o)
 .data          0x0000000000800220        0x0 /usr/lib/gcc/avr/4.5.3/avr6/libgcc.a(_mul_sf.o)
 .data          0x0000000000800220        0x0 /usr/lib/gcc/avr/4.5.3/avr6/libgcc.a(_div_sf.o)
 .data          0x0000000000800220        0x0 /usr/lib/gcc/avr/4.5.3/avr6/libgcc.a(_eq_sf.o)
 .data          0x0000000000800220        0x0 /usr/lib/gcc/avr/4.5.3/avr6/libgcc.a(_ne_sf.o)
 .data          0x0000000000800220        0x0 /usr/lib/gcc/avr/4.5.3/avr6/libgcc.a(_gt_sf.o)
 .data          0x0000000000800220        0x0 /usr/lib/gcc/avr/4.5.3/avr6/libgcc.a(_ge_sf.o)
 .data          0x0000000000800220        0x0 /usr/lib/gcc/avr/4.5.3/avr6/libgcc.a(_lt_sf.o)
 .data          0x0000000000800220        0x0 /usr/lib/gcc/avr/4.5.3/avr6/libgcc.a(_si_to_sf.o)
 .data          0x0000000000800220        0x0 /usr/lib/gcc/avr/4.5.3/avr6/libgcc.a(_sf_to_si.o)
 .data          0x0000000000800220        0x8 /usr/lib/gcc/avr/4.5.3/avr6/libgcc.a(_thenan_sf.o)
                0x0000000000800220                __thenan_sf
 .data          0x0000000000800228        0x0 /usr/lib/gcc/avr/4.5.3/avr6/libgcc.a(_prologue.o)
 .data          0x0000000000800228        0x0 /usr/lib/gcc/avr/4.5.3/avr6/libgcc.a(_epilogue.o)
 .data          0x0000000000800228        0x0 /usr/lib/gcc/avr/4.5.3/avr6/libgcc.a(_clzsi2.o)
 .data          0x0000000000800228        0x0 /usr/lib/gcc/avr/4.5.3/avr6/libgcc.a(_pack_sf.o)
 .data          0x0000000000800228        0x0 /usr/lib/gcc/avr/4.5.3/avr6/libgcc.a(_unpack_sf.o)
 .data          0x0000000000800228        0x0 /usr/lib/gcc/avr/4.5.3/avr6/libgcc.a(_fpcmp_parts_sf.o)
 .data          0x0000000000800228      0x100 /usr/lib/gcc/avr/4.5.3/avr6/libgcc.a(_clz.o)
                0x0000000000800228                __clz_tab
 *(.data*)
 *(.rodata)
 *(.rodata*)
 *(.gnu.linkonce.d*)
                0x0000000000800328                . = ALIGN (0x2)
                0x0000000000800328                _edata = .
                0x0000000000800328                PROVIDE (__data_end, .)

.bss            0x0000000000800328       0x2f
                0x0000000000800328                PROVIDE (__bss_start, .)
 *(.bss)
 .bss           0x0000000000800328        0x0 /usr/lib/gcc/avr/4.5.3/../../../avr/lib/avr6/crtm2560.o
 .bss           0x0000000000800328        0xf carproject.o
                0x0000000000800328                driveFlag
                0x0000000000800329                lastTarget
                0x000000000080032d                lapFlag
                0x0000000000800331                lapCounter
 .bss           0x0000000000800337        0x0 servo.o
 .bss           0x0000000000800337        0x0 util.o
 .bss           0x0000000000800337        0x0 motor.o
 .bss           0x0000000000800337        0x0 /usr/lib/gcc/avr/4.5.3/avr6/libgcc.a(_exit.o)
 .bss           0x0000000000800337        0x0 /usr/lib/gcc/avr/4.5.3/avr6/libgcc.a(_copy_data.o)
 .bss           0x0000000000800337        0x0 /usr/lib/gcc/avr/4.5.3/avr6/libgcc.a(_clear_bss.o)
 .bss           0x0000000000800337        0x0 /usr/lib/gcc/avr/4.5.3/avr6/libgcc.a(_fixunssfsi.o)
 .bss           0x0000000000800337        0x0 /usr/lib/gcc/avr/4.5.3/avr6/libgcc.a(_addsub_sf.o)
 .bss           0x0000000000800337        0x0 /usr/lib/gcc/avr/4.5.3/avr6/libgcc.a(_mul_sf.o)
 .bss           0x0000000000800337        0x0 /usr/lib/gcc/avr/4.5.3/avr6/libgcc.a(_div_sf.o)
 .bss           0x0000000000800337        0x0 /usr/lib/gcc/avr/4.5.3/avr6/libgcc.a(_eq_sf.o)
 .bss           0x0000000000800337        0x0 /usr/lib/gcc/avr/4.5.3/avr6/libgcc.a(_ne_sf.o)
 .bss           0x0000000000800337        0x0 /usr/lib/gcc/avr/4.5.3/avr6/libgcc.a(_gt_sf.o)
 .bss           0x0000000000800337        0x0 /usr/lib/gcc/avr/4.5.3/avr6/libgcc.a(_ge_sf.o)
 .bss           0x0000000000800337        0x0 /usr/lib/gcc/avr/4.5.3/avr6/libgcc.a(_lt_sf.o)
 .bss           0x0000000000800337        0x0 /usr/lib/gcc/avr/4.5.3/avr6/libgcc.a(_si_to_sf.o)
 .bss           0x0000000000800337        0x0 /usr/lib/gcc/avr/4.5.3/avr6/libgcc.a(_sf_to_si.o)
 .bss           0x0000000000800337        0x0 /usr/lib/gcc/avr/4.5.3/avr6/libgcc.a(_thenan_sf.o)
 .bss           0x0000000000800337        0x0 /usr/lib/gcc/avr/4.5.3/avr6/libgcc.a(_prologue.o)
 .bss           0x0000000000800337        0x0 /usr/lib/gcc/avr/4.5.3/avr6/libgcc.a(_epilogue.o)
 .bss           0x0000000000800337        0x0 /usr/lib/gcc/avr/4.5.3/avr6/libgcc.a(_clzsi2.o)
 .bss           0x0000000000800337        0x0 /usr/lib/gcc/avr/4.5.3/avr6/libgcc.a(_pack_sf.o)
 .bss           0x0000000000800337        0x0 /usr/lib/gcc/avr/4.5.3/avr6/libgcc.a(_unpack_sf.o)
 .bss           0x0000000000800337        0x0 /usr/lib/gcc/avr/4.5.3/avr6/libgcc.a(_fpcmp_parts_sf.o)
 .bss           0x0000000000800337        0x0 /usr/lib/gcc/avr/4.5.3/avr6/libgcc.a(_clz.o)
 *(.bss*)
 *(COMMON)
 COMMON         0x0000000000800337       0x20 carproject.o
                0x0000000000800337                sensors
                0x0000000000800357                PROVIDE (__bss_end, .)
                0x0000000000001b18                __data_load_start = LOADADDR (.data)
                0x0000000000001c40                __data_load_end = (__data_load_start + SIZEOF (.data))

.noinit         0x0000000000800357        0x0
                0x0000000000800357                PROVIDE (__noinit_start, .)
 *(.noinit*)
                0x0000000000800357                PROVIDE (__noinit_end, .)
                0x0000000000800357                _end = .
                0x0000000000800357                PROVIDE (__heap_start, .)

.eeprom         0x0000000000810000        0x0
 *(.eeprom*)
                0x0000000000810000                __eeprom_end = .

.fuse
 *(.fuse)
 *(.lfuse)
 *(.hfuse)
 *(.efuse)

.lock
 *(.lock*)

.signature
 *(.signature*)

.stab           0x0000000000000000     0x1884
 *(.stab)
 .stab          0x0000000000000000      0x6e4 /usr/lib/gcc/avr/4.5.3/../../../avr/lib/avr6/crtm2560.o
 .stab          0x00000000000006e4      0x9d8 carproject.o
                                        0x9e4 (size before relaxing)
 .stab          0x00000000000010bc      0x2e8 servo.o
                                        0x4b0 (size before relaxing)
 .stab          0x00000000000013a4      0x258 util.o
                                        0x420 (size before relaxing)
 .stab          0x00000000000015fc      0x288 motor.o
                                        0x450 (size before relaxing)

.stabstr        0x0000000000000000      0xac8
 *(.stabstr)
 .stabstr       0x0000000000000000      0xac8 /usr/lib/gcc/avr/4.5.3/../../../avr/lib/avr6/crtm2560.o

.stab.excl
 *(.stab.excl)

.stab.exclstr
 *(.stab.exclstr)

.stab.index
 *(.stab.index)

.stab.indexstr
 *(.stab.indexstr)

.comment
 *(.comment)

.debug
 *(.debug)

.line
 *(.line)

.debug_srcinfo
 *(.debug_srcinfo)

.debug_sfnames
 *(.debug_sfnames)

.debug_aranges
 *(.debug_aranges)

.debug_pubnames
 *(.debug_pubnames)

.debug_info
 *(.debug_info)
 *(.gnu.linkonce.wi.*)

.debug_abbrev
 *(.debug_abbrev)

.debug_line
 *(.debug_line)

.debug_frame
 *(.debug_frame)

.debug_str
 *(.debug_str)

.debug_loc
 *(.debug_loc)

.debug_macinfo
 *(.debug_macinfo)
OUTPUT(carproject.elf elf32-avr)
LOAD linker stubs

Cross Reference Table

Symbol                                            File
GetFilteredSensorValue                            carproject.o
InitMotor                                         motor.o
                                                  carproject.o
InitServo                                         servo.o
                                                  carproject.o
MoveServo                                         servo.o
                                                  carproject.o
SetMotorSpeed                                     motor.o
                                                  carproject.o
ShiftTowards                                      carproject.o
StopServo                                         servo.o
UpdateSensors                                     carproject.o
__addsf3                                          /usr/lib/gcc/avr/4.5.3/avr6/libgcc.a(_addsub_sf.o)
                                                  util.o
                                                  servo.o
                                                  carproject.o
__bad_interrupt                                   /usr/lib/gcc/avr/4.5.3/../../../avr/lib/avr6/crtm2560.o
__bss_end                                         /usr/lib/gcc/avr/4.5.3/avr6/libgcc.a(_clear_bss.o)
__bss_start                                       /usr/lib/gcc/avr/4.5.3/avr6/libgcc.a(_clear_bss.o)
__clz_tab                                         /usr/lib/gcc/avr/4.5.3/avr6/libgcc.a(_clz.o)
                                                  /usr/lib/gcc/avr/4.5.3/avr6/libgcc.a(_clzsi2.o)
__clzsi2                                          /usr/lib/gcc/avr/4.5.3/avr6/libgcc.a(_clzsi2.o)
                                                  /usr/lib/gcc/avr/4.5.3/avr6/libgcc.a(_si_to_sf.o)
__data_end                                        /usr/lib/gcc/avr/4.5.3/avr6/libgcc.a(_copy_data.o)
__data_load_start                                 /usr/lib/gcc/avr/4.5.3/avr6/libgcc.a(_copy_data.o)
__data_start                                      /usr/lib/gcc/avr/4.5.3/avr6/libgcc.a(_copy_data.o)
__divsf3                                          /usr/lib/gcc/avr/4.5.3/avr6/libgcc.a(_div_sf.o)
                                                  util.o
__do_clear_bss                                    /usr/lib/gcc/avr/4.5.3/avr6/libgcc.a(_clear_bss.o)
                                                  carproject.o
__do_copy_data                                    /usr/lib/gcc/avr/4.5.3/avr6/libgcc.a(_copy_data.o)
                                                  /usr/lib/gcc/avr/4.5.3/avr6/libgcc.a(_clz.o)
                                                  /usr/lib/gcc/avr/4.5.3/avr6/libgcc.a(_thenan_sf.o)
                                                  carproject.o
__epilogue_restores__                             /usr/lib/gcc/avr/4.5.3/avr6/libgcc.a(_epilogue.o)
                                                  /usr/lib/gcc/avr/4.5.3/avr6/libgcc.a(_pack_sf.o)
                                                  /usr/lib/gcc/avr/4.5.3/avr6/libgcc.a(_sf_to_si.o)
                                                  /usr/lib/gcc/avr/4.5.3/avr6/libgcc.a(_si_to_sf.o)
                                                  /usr/lib/gcc/avr/4.5.3/avr6/libgcc.a(_lt_sf.o)
                                                  /usr/lib/gcc/avr/4.5.3/avr6/libgcc.a(_ge_sf.o)
                                                  /usr/lib/gcc/avr/4.5.3/avr6/libgcc.a(_gt_sf.o)
                                                  /usr/lib/gcc/avr/4.5.3/avr6/libgcc.a(_ne_sf.o)
                                                  /usr/lib/gcc/avr/4.5.3/avr6/libgcc.a(_eq_sf.o)
                                                  /usr/lib/gcc/avr/4.5.3/avr6/libgcc.a(_div_sf.o)
                                                  /usr/lib/gcc/avr/4.5.3/avr6/libgcc.a(_mul_sf.o)
                                                  /usr/lib/gcc/avr/4.5.3/avr6/libgcc.a(_addsub_sf.o)
__eqsf2                                           /usr/lib/gcc/avr/4.5.3/avr6/libgcc.a(_eq_sf.o)
                                                  carproject.o
__fixsfsi                                         /usr/lib/gcc/avr/4.5.3/avr6/libgcc.a(_sf_to_si.o)
                                                  /usr/lib/gcc/avr/4.5.3/avr6/libgcc.a(_fixunssfsi.o)
                                                  util.o
                                                  carproject.o
__fixunssfsi                                      /usr/lib/gcc/avr/4.5.3/avr6/libgcc.a(_fixunssfsi.o)
                                                  servo.o
__floatsisf                                       /usr/lib/gcc/avr/4.5.3/avr6/libgcc.a(_si_to_sf.o)
                                                  util.o
                                                  servo.o
__fpcmp_parts_f                                   /usr/lib/gcc/avr/4.5.3/avr6/libgcc.a(_fpcmp_parts_sf.o)
                                                  /usr/lib/gcc/avr/4.5.3/avr6/libgcc.a(_lt_sf.o)
                                                  /usr/lib/gcc/avr/4.5.3/avr6/libgcc.a(_ge_sf.o)
                                                  /usr/lib/gcc/avr/4.5.3/avr6/libgcc.a(_gt_sf.o)
                                                  /usr/lib/gcc/avr/4.5.3/avr6/libgcc.a(_ne_sf.o)
                                                  /usr/lib/gcc/avr/4.5.3/avr6/libgcc.a(_eq_sf.o)
__gesf2                                           /usr/lib/gcc/avr/4.5.3/avr6/libgcc.a(_ge_sf.o)
                                                  /usr/lib/gcc/avr/4.5.3/avr6/libgcc.a(_fixunssfsi.o)
                                                  carproject.o
__gtsf2                                           /usr/lib/gcc/avr/4.5.3/avr6/libgcc.a(_gt_sf.o)
                                                  carproject.o
__heap_end                                        /usr/lib/gcc/avr/4.5.3/../../../avr/lib/avr6/crtm2560.o
__init                                            /usr/lib/gcc/avr/4.5.3/../../../avr/lib/avr6/crtm2560.o
__ltsf2                                           /usr/lib/gcc/avr/4.5.3/avr6/libgcc.a(_lt_sf.o)
                                                  carproject.o
__mulsf3                                          /usr/lib/gcc/avr/4.5.3/avr6/libgcc.a(_mul_sf.o)
                                                  util.o
                                                  carproject.o
__nesf2                                           /usr/lib/gcc/avr/4.5.3/avr6/libgcc.a(_ne_sf.o)
                                                  carproject.o
__pack_f                                          /usr/lib/gcc/avr/4.5.3/avr6/libgcc.a(_pack_sf.o)
                                                  /usr/lib/gcc/avr/4.5.3/avr6/libgcc.a(_si_to_sf.o)
                                                  /usr/lib/gcc/avr/4.5.3/avr6/libgcc.a(_div_sf.o)
                                                  /usr/lib/gcc/avr/4.5.3/avr6/libgcc.a(_mul_sf.o)
                                                  /usr/lib/gcc/avr/4.5.3/avr6/libgcc.a(_addsub_sf.o)
__prologue_saves__                                /usr/lib/gcc/avr/4.5.3/avr6/libgcc.a(_prologue.o)
                                                  /usr/lib/gcc/avr/4.5.3/avr6/libgcc.a(_sf_to_si.o)
                                                  /usr/lib/gcc/avr/4.5.3/avr6/libgcc.a(_si_to_sf.o)
                                                  /usr/lib/gcc/avr/4.5.3/avr6/libgcc.a(_lt_sf.o)
                                                  /usr/lib/gcc/avr/4.5.3/avr6/libgcc.a(_ge_sf.o)
                                                  /usr/lib/gcc/avr/4.5.3/avr6/libgcc.a(_gt_sf.o)
                                                  /usr/lib/gcc/avr/4.5.3/avr6/libgcc.a(_ne_sf.o)
                                                  /usr/lib/gcc/avr/4.5.3/avr6/libgcc.a(_eq_sf.o)
                                                  /usr/lib/gcc/avr/4.5.3/avr6/libgcc.a(_div_sf.o)
                                                  /usr/lib/gcc/avr/4.5.3/avr6/libgcc.a(_mul_sf.o)
                                                  /usr/lib/gcc/avr/4.5.3/avr6/libgcc.a(_addsub_sf.o)
__stack                                           /usr/lib/gcc/avr/4.5.3/../../../avr/lib/avr6/crtm2560.o
__subsf3                                          /usr/lib/gcc/avr/4.5.3/avr6/libgcc.a(_addsub_sf.o)
                                                  /usr/lib/gcc/avr/4.5.3/avr6/libgcc.a(_fixunssfsi.o)
                                                  carproject.o
__thenan_sf                                       /usr/lib/gcc/avr/4.5.3/avr6/libgcc.a(_thenan_sf.o)
                                                  /usr/lib/gcc/avr/4.5.3/avr6/libgcc.a(_div_sf.o)
                                                  /usr/lib/gcc/avr/4.5.3/avr6/libgcc.a(_mul_sf.o)
                                                  /usr/lib/gcc/avr/4.5.3/avr6/libgcc.a(_addsub_sf.o)
__unpack_f                                        /usr/lib/gcc/avr/4.5.3/avr6/libgcc.a(_unpack_sf.o)
                                                  /usr/lib/gcc/avr/4.5.3/avr6/libgcc.a(_sf_to_si.o)
                                                  /usr/lib/gcc/avr/4.5.3/avr6/libgcc.a(_lt_sf.o)
                                                  /usr/lib/gcc/avr/4.5.3/avr6/libgcc.a(_ge_sf.o)
                                                  /usr/lib/gcc/avr/4.5.3/avr6/libgcc.a(_gt_sf.o)
                                                  /usr/lib/gcc/avr/4.5.3/avr6/libgcc.a(_ne_sf.o)
                                                  /usr/lib/gcc/avr/4.5.3/avr6/libgcc.a(_eq_sf.o)
                                                  /usr/lib/gcc/avr/4.5.3/avr6/libgcc.a(_div_sf.o)
                                                  /usr/lib/gcc/avr/4.5.3/avr6/libgcc.a(_mul_sf.o)
                                                  /usr/lib/gcc/avr/4.5.3/avr6/libgcc.a(_addsub_sf.o)
__vector_1                                        /usr/lib/gcc/avr/4.5.3/../../../avr/lib/avr6/crtm2560.o
__vector_10                                       /usr/lib/gcc/avr/4.5.3/../../../avr/lib/avr6/crtm2560.o
__vector_11                                       /usr/lib/gcc/avr/4.5.3/../../../avr/lib/avr6/crtm2560.o
__vector_12                                       /usr/lib/gcc/avr/4.5.3/../../../avr/lib/avr6/crtm2560.o
__vector_13                                       /usr/lib/gcc/avr/4.5.3/../../../avr/lib/avr6/crtm2560.o
__vector_14                                       /usr/lib/gcc/avr/4.5.3/../../../avr/lib/avr6/crtm2560.o
__vector_15                                       /usr/lib/gcc/avr/4.5.3/../../../avr/lib/avr6/crtm2560.o
__vector_16                                       /usr/lib/gcc/avr/4.5.3/../../../avr/lib/avr6/crtm2560.o
__vector_17                                       /usr/lib/gcc/avr/4.5.3/../../../avr/lib/avr6/crtm2560.o
__vector_18                                       /usr/lib/gcc/avr/4.5.3/../../../avr/lib/avr6/crtm2560.o
__vector_19                                       /usr/lib/gcc/avr/4.5.3/../../../avr/lib/avr6/crtm2560.o
__vector_2                                        /usr/lib/gcc/avr/4.5.3/../../../avr/lib/avr6/crtm2560.o
__vector_20                                       /usr/lib/gcc/avr/4.5.3/../../../avr/lib/avr6/crtm2560.o
__vector_21                                       /usr/lib/gcc/avr/4.5.3/../../../avr/lib/avr6/crtm2560.o
__vector_22                                       /usr/lib/gcc/avr/4.5.3/../../../avr/lib/avr6/crtm2560.o
__vector_23                                       /usr/lib/gcc/avr/4.5.3/../../../avr/lib/avr6/crtm2560.o
__vector_24                                       /usr/lib/gcc/avr/4.5.3/../../../avr/lib/avr6/crtm2560.o
__vector_25                                       /usr/lib/gcc/avr/4.5.3/../../../avr/lib/avr6/crtm2560.o
__vector_26                                       /usr/lib/gcc/avr/4.5.3/../../../avr/lib/avr6/crtm2560.o
__vector_27                                       /usr/lib/gcc/avr/4.5.3/../../../avr/lib/avr6/crtm2560.o
__vector_28                                       /usr/lib/gcc/avr/4.5.3/../../../avr/lib/avr6/crtm2560.o
__vector_29                                       /usr/lib/gcc/avr/4.5.3/../../../avr/lib/avr6/crtm2560.o
__vector_3                                        /usr/lib/gcc/avr/4.5.3/../../../avr/lib/avr6/crtm2560.o
__vector_30                                       /usr/lib/gcc/avr/4.5.3/../../../avr/lib/avr6/crtm2560.o
__vector_31                                       /usr/lib/gcc/avr/4.5.3/../../../avr/lib/avr6/crtm2560.o
__vector_32                                       /usr/lib/gcc/avr/4.5.3/../../../avr/lib/avr6/crtm2560.o
__vector_33                                       /usr/lib/gcc/avr/4.5.3/../../../avr/lib/avr6/crtm2560.o
__vector_34                                       /usr/lib/gcc/avr/4.5.3/../../../avr/lib/avr6/crtm2560.o
__vector_35                                       /usr/lib/gcc/avr/4.5.3/../../../avr/lib/avr6/crtm2560.o
__vector_36                                       /usr/lib/gcc/avr/4.5.3/../../../avr/lib/avr6/crtm2560.o
__vector_37                                       /usr/lib/gcc/avr/4.5.3/../../../avr/lib/avr6/crtm2560.o
__vector_38                                       /usr/lib/gcc/avr/4.5.3/../../../avr/lib/avr6/crtm2560.o
__vector_39                                       /usr/lib/gcc/avr/4.5.3/../../../avr/lib/avr6/crtm2560.o
__vector_4                                        /usr/lib/gcc/avr/4.5.3/../../../avr/lib/avr6/crtm2560.o
__vector_40                                       /usr/lib/gcc/avr/4.5.3/../../../avr/lib/avr6/crtm2560.o
__vector_41                                       /usr/lib/gcc/avr/4.5.3/../../../avr/lib/avr6/crtm2560.o
__vector_42                                       /usr/lib/gcc/avr/4.5.3/../../../avr/lib/avr6/crtm2560.o
__vector_43                                       /usr/lib/gcc/avr/4.5.3/../../../avr/lib/avr6/crtm2560.o
__vector_44                                       /usr/lib/gcc/avr/4.5.3/../../../avr/lib/avr6/crtm2560.o
__vector_45                                       /usr/lib/gcc/avr/4.5.3/../../../avr/lib/avr6/crtm2560.o
__vector_46                                       /usr/lib/gcc/avr/4.5.3/../../../avr/lib/avr6/crtm2560.o
__vector_47                                       /usr/lib/gcc/avr/4.5.3/../../../avr/lib/avr6/crtm2560.o
__vector_48                                       /usr/lib/gcc/avr/4.5.3/../../../avr/lib/avr6/crtm2560.o
__vector_49                                       /usr/lib/gcc/avr/4.5.3/../../../avr/lib/avr6/crtm2560.o
__vector_5                                        /usr/lib/gcc/avr/4.5.3/../../../avr/lib/avr6/crtm2560.o
__vector_50                                       /usr/lib/gcc/avr/4.5.3/../../../avr/lib/avr6/crtm2560.o
__vector_51                                       /usr/lib/gcc/avr/4.5.3/../../../avr/lib/avr6/crtm2560.o
__vector_52                                       /usr/lib/gcc/avr/4.5.3/../../../avr/lib/avr6/crtm2560.o
__vector_53                                       /usr/lib/gcc/avr/4.5.3/../../../avr/lib/avr6/crtm2560.o
__vector_54                                       /usr/lib/gcc/avr/4.5.3/../../../avr/lib/avr6/crtm2560.o
__vector_55                                       /usr/lib/gcc/avr/4.5.3/../../../avr/lib/avr6/crtm2560.o
__vector_56                                       /usr/lib/gcc/avr/4.5.3/../../../avr/lib/avr6/crtm2560.o
__vector_6                                        carproject.o
                                                  /usr/lib/gcc/avr/4.5.3/../../../avr/lib/avr6/crtm2560.o
__vector_7                                        /usr/lib/gcc/avr/4.5.3/../../../avr/lib/avr6/crtm2560.o
__vector_8                                        /usr/lib/gcc/avr/4.5.3/../../../avr/lib/avr6/crtm2560.o
__vector_9                                        /usr/lib/gcc/avr/4.5.3/../../../avr/lib/avr6/crtm2560.o
__vector_default                                  /usr/lib/gcc/avr/4.5.3/../../../avr/lib/avr6/crtm2560.o
__vectors                                         /usr/lib/gcc/avr/4.5.3/../../../avr/lib/avr6/crtm2560.o
_exit                                             /usr/lib/gcc/avr/4.5.3/avr6/libgcc.a(_exit.o)
absFloat                                          carproject.o
driveFlag                                         carproject.o
exit                                              /usr/lib/gcc/avr/4.5.3/avr6/libgcc.a(_exit.o)
                                                  /usr/lib/gcc/avr/4.5.3/../../../avr/lib/avr6/crtm2560.o
lapCounter                                        carproject.o
lapFlag                                           carproject.o
lastTarget                                        carproject.o
main                                              carproject.o
                                                  /usr/lib/gcc/avr/4.5.3/../../../avr/lib/avr6/crtm2560.o
map                                               util.o
                                                  motor.o
                                                  servo.o
sensorTarget                                      carproject.o
sensors                                           carproject.o
